// Jest Snapshot v1, https://goo.gl/fbAQLP

exports[`<ProjectPageTemplate /> should renders correct <ProjectPageTemplate /> 1`] = `
<Fragment>
  <ProjectSummaryListSection />
</Fragment>
`;
