// Jest Snapshot v1, https://goo.gl/fbAQLP

exports[`<Article /> should renders correct <Article /> 1`] = `<article />`;
