// Jest Snapshot v1, https://goo.gl/fbAQLP

exports[`<FormFieldCheckbox /> should renders correct <FormFieldCheckbox /> 1`] = `
<Field
  name="test-name"
>
  <Component />
</Field>
`;
