// Jest Snapshot v1, https://goo.gl/fbAQLP

exports[`<Checkbox /> should renders correct <Checkbox /> 1`] = `
<label
  className="flex flex-row items-center select-none"
>
  <input
    className="appearance-none"
  />
  <CheckIcon
    className="mr-2 disabled:bg-gray-5"
  />
</label>
`;
