// Jest Snapshot v1, https://goo.gl/fbAQLP

exports[`<SiteLayout /> should renders correct <SiteLayout /> 1`] = `
<div
  className="flex flex-col min-h-screen"
>
  <SiteHeader />
  Test children
  <SiteFooter
    theme="light"
  />
</div>
`;
