// Jest Snapshot v1, https://goo.gl/fbAQLP

exports[`<SiteFooter /> should renders correct <SiteFooter /> 1`] = `
<footer
  className="fixed bottom-0 w-full backdrop-blur-md"
>
  <Container
    className="flex flex-col px-5 lg:px-16 w-full lg:flex-no-wrap"
  >
    <Row>
      <Divider
        className="!my-0 bg-[#333333]"
      />
    </Row>
    <Row
      className="flex-row justify-between my-4"
    >
      <span
        className="font-body text-white"
      >
        Â© Betafoenix 2022.
      </span>
      <SocialLinks
        className="flex flex-row space-x-4 lg:space-x-10"
      />
    </Row>
  </Container>
</footer>
`;
