// Jest Snapshot v1, https://goo.gl/fbAQLP

exports[`<FormFieldTextArea /> should renders correct <FormFieldTextArea /> 1`] = `
<Field
  name="test"
>
  <Component />
</Field>
`;
