// Jest Snapshot v1, https://goo.gl/fbAQLP

exports[`<PageSubtitle /> should renders correct <PageSubtitle /> 1`] = `
<h2
  className="mb-6 font-body text-base lg:text-lg font-bold text-gray-2"
>
  Page Subtitle
</h2>
`;
