// Jest Snapshot v1, https://goo.gl/fbAQLP

exports[`<PostPageTemplate /> should renders correct <PostPageTemplate /> 1`] = `
<Fragment>
  <PostSummaryListSection />
</Fragment>
`;
