// Jest Snapshot v1, https://goo.gl/fbAQLP

exports[`<ArrowDownIcon /> should renders correct <ArrowDownIcon /> 1`] = `
<svg
  className="arrow-down-icon"
  fill="none"
  height={6}
  viewBox="0 0 12 6"
  width={12}
  xmlns="http://www.w3.org/2000/svg"
>
  <path
    d="M1.5 0.75L6 5.25L10.5 0.75"
    strokeLinecap="round"
    strokeLinejoin="round"
    strokeWidth="1.5"
  />
</svg>
`;
