// Jest Snapshot v1, https://goo.gl/fbAQLP

exports[`<Container /> should renders children 1`] = `
<div
  className="container px-3 max-w-screen-xl mx-auto"
>
  test
</div>
`;
